
> financial-wellness@0.1.0 build
> next build

node.exe : ΓÜá `eslint` configuration in next.config.ts is no longer supported. See more info here: 
https://nextjs.org/docs/app/api-reference/cli/next#next-lint-options
At line:1 char:1
+ & "C:\Program Files\nodejs/node.exe" "C:\Program Files\nodejs/node_mo ...
+ ~~~~~~~~~~~~~~~~~~~~~~~~~~~~~~~~~~~~~~~~~~~~~~~~~~~~~~~~~~~~~~~~~~~~~
    + CategoryInfo          : NotSpecified: (ΓÜá `eslint` co...xt-lint-options:String) [], RemoteException
    + FullyQualifiedErrorId : NativeCommandError
 
ΓÜá Invalid next.config.ts options detected: 
ΓÜá     Unrecognized key(s) in object: 'eslint'
ΓÜá See more info here: https://nextjs.org/docs/messages/invalid-next-config
Γû▓ Next.js 16.2.3 (Turbopack)
- Environments: .env.local

  Creating an optimized production build ...

> Build error occurred
Error: Turbopack build failed with 22 errors:
./src/app/check-ins/investment-readiness/page.tsx:17:100
Expected ',', got 'ident'
  [90m15 |[0m ...[32mthe next 12 months?'[0m, options: [[32m'Very stable'[0m, [32m'Somewhat stable'[0m, 
[32m'Uncertain'[0m, [32m'Very un...[0m
  [90m16 |[0m ...[32m without needing the money?'[0m, options: [[32m'10+ years'[0m, [32m'5-10 years'[0m, 
[32m'3-5 years'[0m, [32m'Under ...[0m
[31m[1m>[0m [90m17 |[0m ...[32mting knowledge?'[0m, options: [[32m'Strong '[0m understand risk, returns, 
diversification[32m', '[0m[33mMode...[0m
  [90m   |[0m                                          [31m[1m^^^^^^^^^^[0m
  [90m18 |[0m ...[32m%, would you:'[0m, options: [[32m'Buy more '[0m great opportunity[32m', '[0m[33mStay[0m 
put, wait [36mfor[0m recovery[32m'...[0m
  [90m19 |[0m ...[32m options: ['[0m[33mYes[0m, specific goal [36mwith[0m target and timeline[32m', 
'[0m[33mSomewhat[0m clear goal[32m', '[0m[33mVague[0m...
  [90m20 |[0m ...erm life insurance?[32m', options: ['[0m[33mYes[0m, both fully covered[32m', '[0m[33mOne[0m 
[36mof[0m them covered[32m', '[0m[33mOne[0m ...

Parsing ecmascript source code failed


./src/app/check-ins/money-stress-quiz/page.tsx:17:91
Expected ',', got 'ident'
  [90m15 |[0m ...[32m00 unit emergency right now?'[0m, options: [[32m'Yes, easily'[0m, [32m'Yes, with 
effort'[0m, [32m'Barely'[0m, [32m'...[0m
  [90m16 |[0m ...[32martner/family about money?'[0m, options: [[32m'Never'[0m, [32m'Rarely'[0m, 
[32m'Sometimes'[0m, [32m'Often'[0m] },
[31m[1m>[0m [90m17 |[0m ...[32mg at bank statements?'[0m, options: [[32m'Never '[0m [33mI[0m check 
regularly[32m', '[0m[33mRarely[0m[32m', '[0m[33mSometimes[0m[32m', '[0m[33m...[0m
  [90m   |[0m                                               [31m[1m^[0m
  [90m18 |[0m ...ncial plan?[32m', options: ['[0m[33mYes[0m, written and tracked[32m', 
'[0m[33mSomewhat[0m[32m', '[0m[33mVague[0m ideas[32m', '[0m[33mNo[0m plan[32m...[0m
  [90m19 |[0m ...you about your financial future?[32m', options: ['[0m[33mVery[0m confident[32m', 
'[0m[33mSomewhat[0m confident[32m', '[0m[33mN...[0m
  [90m20 |[0m ...ted your sleep or health?[32m', options: ['[0m[33mNever[0m[32m', '[0m[33mRarely[0m[32m', 
'[0m[33mSometimes[0m[32m', '[0m[33mYes[0m, regularly[32m'] },[0m

Parsing ecmascript source code failed


./src/app/check-ins/spending-style-quiz/page.tsx:13:114
Expected ',', got 'ident'
  [90m11 |[0m ...
  [90m12 |[0m ...
[31m[1m>[0m [90m13 |[0m ...[32mvent:'[0m, options: [[32m'Disregard entirely '[0m utility over price 
always[32m', '[0m[33mAnalytical[0m review [36m...[0m
  [90m   |[0m                                            [31m[1m^^^^^^^[0m
  [90m14 |[0m ...ion:[32m', options: ['[0m[33mAlgorithmic[0m [32m' automated transfers on payday'[0m, 
[32m'Residual '[0m saving what...
  [90m15 |[0m ...[32m is:'[0m, options: [[32m'Hyper-retention '[0m increasing cash reserves [36mfor[0m 
security[32m', '[0m[33mModerate[0m [32m'...[0m
  [90m16 |[0m ...[32mptions: ['[0m[33mFriction[0m [32m' spending feels like a responsibility shift'[0m, 
[32m'Neutral '[0m a purely f...

Parsing ecmascript source code failed


./src/app/explore/financial-faqs/page.tsx:23:201
Expected ',', got 'ident'
  [90m21 |[0m ...[32mith regular income. Lump sum is better only if you receive a large windfall and you'[0mre ...
  [90m22 |[0m ...starting: save whatever you can, then increase by [35m1[0m-[35m2[0m% every [35m3[0m months. 
[33mProgress[0m matters...
[31m[1m>[0m [90m23 |[0m ...[32mcards at 18%+, personal loans at 15%+) ' clear this first. Low-interest debt 
(home loan...[0m
  [90m   |[0m                                             [31m[1m^^^^^[0m
  [90m24 |[0m ...[33mw[0m expense ratio. [33mNo[0m stock-picking required. [33mProven[0m track record. 
[33mAvailable[0m through any ...
  [90m25 |[0m ...[32m age. Health insurance: High coverage is non-negotiable. Also consider critical illness...[0m
  [90m26 |[0m ...ellent [36mfor[0m loan approvals and lower interest rates. [33mKey[0m factors: [33mPayment[0m 
history ([35m35[0m%),.[33m..[0m

Parsing ecmascript source code failed


./src/app/explore/financial-myths/page.tsx:12:136
Expected ',', got 'ident'
  [90m10 |[0m ...
  [90m11 |[0m ...[32mt a small amount per month. Many platforms allow micro-investments. Wealth building is ...[0m
[31m[1m>[0m [90m12 |[0m ...[32mncludes a category for wants and fun '[0m typically [35m20[0m-[35m30[0m% 
[36mof[0m income. [33mWithout[0m a budget, yo...
  [90m   |[0m                                           [31m[1m^^^^^^^^^[0m
  [90m13 |[0m ...[32mn investment. Real estate appreciation varies, while well-chosen equity funds often gen...[0m
  [90m14 |[0m ...[32m home loans) while investing in higher returns actually builds wealth faster. The princ...[0m
  [90m15 |[0m ...[32ml protection but carry hidden inflation risk. If inflation is higher than your return, ...[0m

Parsing ecmascript source code failed


./src/app/explore/financial-stories/page.tsx:11:164
Expected ',', got 'ident'
  [90m 9 |[0m ...
  [90m10 |[0m ...ory: [32m'I used to live paycheck to paycheck. After learning about the 50/30/20 rule, I cu...[0m
[31m[1m>[0m [90m11 |[0m ...story: [32m'I had 80,000 in consumer debt '[0m credit cards and a personal loan. 
[33mEvery[0m month [33mI[0m...
  [90m   |[0m                                            [31m[1m^^^^^^[0m
  [90m12 |[0m ...[32m always thought investing was for people who had "extra" money. I felt I had nothing le...[0m
  [90m13 |[0m ... [35m38[0m [33mI[0m woke up to the idea [36mof[0m [33mFinancial[0m [33mIndependence[0m. 
[33mMy[0m lifestyle was inflated, but [33mI[0m h...
  [90m14 |[0m ...e it[32m', story: '[0m[33mI[0m started saving [36mfor[0m retirement at [35m47.[0m 
[33mI[0m was terrified it was too late. [33m...[0m

Parsing ecmascript source code failed


./src/app/learn/50-30-20-rule/page.tsx:18:29
Expected ',', got 'ident'
  [90m16 |[0m           heading: [32m'The Three Buckets'[0m, 
  [90m17 |[0m           content: [
[31m[1m>[0m [90m18 |[0m             { title: [32m'50% '[0m [33mNeeds[0m[32m', description: 
'[0m[33mHousing[0m, utilities, groceries, transport...
  [90m   |[0m                             [31m[1m^^^^^[0m
  [90m19 |[0m [32m            { title: '[0m[35m30[0m% [32m' Wants'[0m, description: [32m'Entertainment, 
hobbies, dining out, shop...[0m
  [90m20 |[0m             { title: [32m'20% '[0m [33mSavings[0m & [33mDebt[0m[32m', description: 
'[0m[33mEmergency[0m fund, investments, ex...
  [90m21 |[0m [32m          ] [0m

Parsing ecmascript source code failed


./src/app/learn/avoid-common-money-mistakes/page.tsx:35:61
Expected ',', got 'ident'
  [90m33 |[0m ...[32m[[0m
  [90m34 |[0m ...[35m01[0m[32m', text: '[0m[33mIdentify[0m which [35m3[0m mistakes currently apply to your 
life (be brutally honest)[32m...[0m
[31m[1m>[0m [90m35 |[0m ...[35m02[0m[32m', text: '[0m[33mChoose[0m [35m1[0m to fix [36mthis[0m month 
[32m' just one, done properly'[0m }, 
  [90m   |[0m                                             [31m[1m^^^^[0m
  [90m36 |[0m ...[32m03'[0m, text: [32m'Make 1 concrete, specific change about that mistake this week'[0m }, 
  [90m37 |[0m ...[32m04'[0m, text: [32m'Review in 30 days and celebrate the improvement'[0m }, 
  [90m38 |[0m ...[32m05'[0m, text: [32m'Return to this list quarterly '[0m [36mnew[0m stages [36mof[0m life 
bring [36mnew[0m mistakes to av...

Parsing ecmascript source code failed


./src/app/learn/budgeting-basics/page.tsx:29:92
Expected ',', got 'ident'
  [90m27 |[0m ...,
  [90m28 |[0m ...
[31m[1m>[0m [90m29 |[0m ...[32msing, food, transportation, insurance '[0m things you cannot live without[32m' 
},[0m
  [90m   |[0m                                            [31m[1m^^^^^^[0m
  [90m30 |[0m ...[33mertainment[0m, dining out, hobbies [32m' things that enrich life but aren\'t essential'[0m 
},
  [90m31 |[0m ...ion: [32m'Emergency fund, investments, extra debt repayment '[0m your future self[32m' },[0m
  [90m32 |[0m ...

Parsing ecmascript source code failed


./src/app/learn/debt-management/page.tsx:50:43
Expected ',', got 'ident'
  [90m48 |[0m             [32m'Accelerate repayment with windfalls: bonus, tax refunds, gifts'[0m, 
  [90m49 |[0m             [32m'Don\'t stop saving completely while repaying debt (maintain buffer)'[0m, 
[31m[1m>[0m [90m50 |[0m             [32m'Track debt payoff visually '[0m the progress is incredibly 
motivating[32m'[0m
  [90m   |[0m                                           [31m[1m^^^[0m
  [90m51 |[0m [32m          ] [0m
  [90m52 |[0m [32m        },[0m
  [90m53 |[0m [32m      ]}[0m

Parsing ecmascript source code failed


./src/app/learn/emergency-fund/page.tsx:42:283
Expected ',', got 'ident'
  [90m40 |[0m ...
  [90m41 |[0m ...
[31m[1m>[0m [90m42 |[0m ...[32mved for 5 years = 180,000 unit buffer '[0m enough to avoid the entire interest 
trap.[32m' [0m
  [90m   |[0m                                            [31m[1m^^^^^^[0m
  [90m43 |[0m ...
  [90m44 |[0m ...
  [90m45 |[0m ...

Parsing ecmascript source code failed


./src/app/learn/financial-goals/page.tsx:29:104
Expected ',', got 'ident'
  [90m27 |[0m ...[32m G├â┬Ñ├âΓÇá "Save 5,000 for home down payment by year-end"'[0m }, 
  [90m28 |[0m ...[32mamount. Track progress monthly. Update status to stay accountable.'[0m }, 
[31m[1m>[0m [90m29 |[0m ...[32mnt income. Be ambitious but realistic '[0m stretch without breaking.[32m' }, 
[0m
  [90m   |[0m                                            [31m[1m^^^^^^^[0m
  [90m30 |[0m ...ine creates urgency and helps you calculate exactly how much to save monthly.[32m' }[0m
  [90m31 |[0m ...
  [90m32 |[0m ...

Parsing ecmascript source code failed


./src/app/learn/mindful-spending/page.tsx:17:120
Expected ',', got 'ident'
  [90m15 |[0m ...
  [90m16 |[0m ...
[31m[1m>[0m [90m17 |[0m ...[32msales. The rush you feel is dopamine '[0m temporary and fading within hours. 
[33mOver[0m a year, ...
  [90m   |[0m                                           [31m[1m^^^^^^^^^[0m
  [90m18 |[0m ...
  [90m19 |[0m ...
  [90m20 |[0m ...

Parsing ecmascript source code failed


./src/app/learn/plan-for-your-future/page.tsx:18:29
Expected ',', got 'ident'
  [90m16 |[0m           heading: [32m'Life Stage Planning Map'[0m, 
  [90m17 |[0m           content: [
[31m[1m>[0m [90m18 |[0m             { title: [32m'20s '[0m [33mFoundation[0m[32m', description: 
'[0m[33mBuild[0m emergency fund, start [33mSIP[0m, av...
  [90m   |[0m                             [31m[1m^^^^^^^^^^[0m
  [90m19 |[0m [32m            { title: '[0m[35m30[0ms [32m' Building'[0m, description: [32m'Increase 
investments, plan major purc...[0m
  [90m20 |[0m             { title: [32m'40s '[0m [33mAcceleration[0m[32m', description: '[0m[33mMaximum[0m 
earning years. [33mAggressive[0m...
  [90m21 |[0m             { title: [32m'50s '[0m [33mPeak[0m[32m', description: '[0m[33mShift[0m to 
lower-risk investments, finalize...

Parsing ecmascript source code failed


./src/app/learn/saving-habits/page.tsx:39:129
Expected ',', got 'ident'
  [90m37 |[0m ...
  [90m38 |[0m ...
[31m[1m>[0m [90m39 |[0m ...[32m60,000 units. You only invested 120,000 '[0m the rest is compound returns 
working silently.[36m..[0m
  [90m   |[0m                                              [31m[1m^^^[0m
  [90m40 |[0m ...
  [90m41 |[0m ...
  [90m42 |[0m ...

Parsing ecmascript source code failed


./src/app/learn/understand-your-income-expenses/page.tsx:18:109
Expected ',', got 'ident'
  [90m16 |[0m ...
  [90m17 |[0m ...
[31m[1m>[0m [90m18 |[0m ...[32my income. Use net take-home, not gross '[0m taxes and deductions come 
first.[32m' }, [0m
  [90m   |[0m                                             [31m[1m^^^^^[0m
  [90m19 |[0m ...nuses, commissions. [33mBudget[0m conservatively: use average +├â┬╣ [35m80[0m% to avoid 
over-spending.[32m'...[0m
  [90m20 |[0m ... dividends, interest. [33mBonus[0m income [32m' don\'t rely on it, plan with it.'[0m }
  [90m21 |[0m ...

Parsing ecmascript source code failed


./src/app/learn/your-money-priorities/page.tsx:32:49
Expected ',', got 'ident'
  [90m30 |[0m ...content: [
  [90m31 |[0m ...  [32m'Write down your top 3 priorities (not society\'s, yours)'[0m, 
[31m[1m>[0m [90m32 |[0m ...  [32m'Review last 3 months of spending '[0m categorize each purchase by priority it 
serves[32m', [0m
  [90m   |[0m                                          [31m[1m^^^^^^^^^^[0m
  [90m33 |[0m ...[32m  '[0m[33mCalculate[0m what % [36mof[0m spending goes to each priority[32m', [0m
  [90m34 |[0m ...[32m  '[0m[33mCompare[0m your stated priorities to actual spending[32m', [0m
  [90m35 |[0m ...[32m  '[0m[33mIdentify[0m the biggest mismatch and make one reallocation[32m'[0m

Parsing ecmascript source code failed


./src/app/explore/financial-tips/page.tsx:27:78
Expected ',', got 'numeric literal'
  [90m25 |[0m ...[33mrChart3[0m, tip: [32m"Review your subscriptions quarterly. Most people pay for 3-4 they 
forgot...[0m
  [90m26 |[0m ...[33moppingCart[0m, tip: [32m"Shop groceries with a list. Studies show it cuts spending by 
20-40%."[0m...
[31m[1m>[0m [90m27 |[0m ...[33mlendar[0m, tip: [32m'Do a monthly "money date" '[0m [35m15[0m minutes to 
review your finances. [33mIt[0m change...
  [90m   |[0m                                              [31m[1m^^[0m
  [90m28 |[0m ...[32mard, tip: "Pay more than the minimum on credit cards. Minimum payments are designed to ...[0m
  [90m29 |[0m ...[32m tip: "Use windfalls (bonus, gifts, refunds) to make extra debt payments. One good year...[0m
  [90m30 |[0m ...[32mmer, tip: '[0m[33mTime[0m [36min[0m the market beats timing the market [32m' always. 
Start today, not when i...[0m

Parsing ecmascript source code failed


./src/app/learn/investing-basics/page.tsx:33:140
Expected ',', got 'this'
  [90m31 |[0m ...
  [90m32 |[0m ...
[31m[1m>[0m [90m33 |[0m ...hen the market is low, fewer when high [32m' this automatically averages your cost 
and remo...[0m
  [90m   |[0m                                             [31m[1m^^^^[0m
  [90m34 |[0m ...
  [90m35 |[0m ...
  [90m36 |[0m ...

Parsing ecmascript source code failed


./src/app/explore/financial-articles/page.tsx:7:309
Expected ',', got 'with'
  [90m 5 |[0m ...
  [90m 6 |[0m ...
[31m[1m>[0m [90m 7 |[0m ...[32mow to start your first systematic plan '[0m [36mwith[0m zero jargon.[32m', 
badge: '[0m=├åΓÇÖ├â┬╢├âΓÇÿ [33mPopular[0m[32m', ...[0m
  [90m   |[0m                                             [31m[1m^^^^[0m
  [90m 8 |[0m ...s. [33mThis[0m behavioral trick gamifies saving and is highly effective.[32m', badge: 
'[0m[33mG├â┼ô├â┬¡[0m [33mQuick[0m [33m...[0m
  [90m 9 |[0m ...[32mwhat hurts it, and proven strategies to improve it.'[0m, badge: [32m''[0m, color: 
[32m'#0984e3'[0m },
  [90m10 |[0m ...[32mps you choose based on your age and goals.'[0m, badge: [32m'=├åΓÇÖ├â┬┤├â┬¿ Data-Driven'[0m, 
color: [32m'#FD[0mC...

Parsing ecmascript source code failed


./src/app/goal-planner/page.tsx:106:20
Expected '</', got 'jsx text'
  [90m104 |[0m
  [90m105 |[0m       <div style={{ maxWidth: [35m640[0m, margin: [32m'0 auto'[0m, padding: [32m'var(--space-5) 
var(--space...[0m
[31m[1m>[0m [90m106 |[0m           </button>
  [90m    |[0m                    
[31m[1m^^^^^^^^^^^^^^^^^^^^^^^^^^^^^^^^^^^^^^^^^^^^^^^^^^^^^^^^^^^^^^^^^^^^^^^^^[0m
[31m[1m>[0m [90m107 |[0m         </div>
  [90m    |[0m [31m[1m^^^^^^^^[0m
  [90m108 |[0m
  [90m109 |[0m         {[90m/* Analytics bar */[0m}
  [90m110 |[0m         {goals.length > [35m0[0m && (

Parsing ecmascript source code failed


./src/app/check-ins/savings-check-up/page.tsx:111:41
Expected '</', got 'numeric literal'
  [90m109 |[0m                 <p style={{ fontWeight: [35m700[0m, fontSize: [32m'var(--text-sm)'[0m, color: 
[32m'var(--te...[0m
  [90m110 |[0m                 <div style={{ display: [32m'flex'[0m, flexDirection: [32m'column'[0m, gap: 
[35m8[0m }}>
[31m[1m>[0m [90m111 |[0m                   {[{v:[32m'yes-6'[0m,l:[32m'Yes '[0m [35m6[0m+ months 
covered[32m'},{v:'[0myes-[35m3[0m[32m',l:'[0m[33mYes[0m [32m' 3-6 month..[0m.
  [90m    |[0m                                         [31m[1m^[0m
  [90m112 |[0m                     <[33mSelectOption[0m key={o.v} value={o.v} label={o.l} active={form.hasEF ==...
  [90m113 |[0m                   ))}
  [90m114 |[0m                 </div>

Parsing ecmascript source code failed


    at <unknown> (./src/app/check-ins/investment-readiness/page.tsx:17:100)
    at <unknown> (./src/app/check-ins/money-stress-quiz/page.tsx:17:91)
    at <unknown> (./src/app/check-ins/spending-style-quiz/page.tsx:13:114)
    at <unknown> (./src/app/explore/financial-faqs/page.tsx:23:201)
    at <unknown> (./src/app/explore/financial-myths/page.tsx:12:136)
    at <unknown> (./src/app/explore/financial-stories/page.tsx:11:164)
    at <unknown> (./src/app/learn/50-30-20-rule/page.tsx:18:29)
    at <unknown> (./src/app/learn/avoid-common-money-mistakes/page.tsx:35:61)
    at <unknown> (./src/app/learn/budgeting-basics/page.tsx:29:92)
    at <unknown> (./src/app/learn/debt-management/page.tsx:50:43)
    at <unknown> (./src/app/learn/emergency-fund/page.tsx:42:283)
    at <unknown> (./src/app/learn/financial-goals/page.tsx:29:104)
    at <unknown> (./src/app/learn/mindful-spending/page.tsx:17:120)
    at <unknown> (./src/app/learn/plan-for-your-future/page.tsx:18:29)
    at <unknown> (./src/app/learn/saving-habits/page.tsx:39:129)
    at <unknown> (./src/app/learn/understand-your-income-expenses/page.tsx:18:109)
    at <unknown> (./src/app/learn/your-money-priorities/page.tsx:32:49)
    at <unknown> (./src/app/explore/financial-tips/page.tsx:27:78)
    at <unknown> (./src/app/learn/investing-basics/page.tsx:33:140)
    at <unknown> (./src/app/explore/financial-articles/page.tsx:7:309)
    at <unknown> (./src/app/goal-planner/page.tsx:106:20)
    at <unknown> (./src/app/check-ins/savings-check-up/page.tsx:111:41)
