
> financial-wellness@0.1.0 build
> next build

node.exe : ΓÜá `eslint` configuration in next.config.ts is no longer supported. See more info here: 
https://nextjs.org/docs/app/api-reference/cli/next#next-lint-options
At line:1 char:1
+ & "C:\Program Files\nodejs/node.exe" "C:\Program Files\nodejs/node_mo ...
+ ~~~~~~~~~~~~~~~~~~~~~~~~~~~~~~~~~~~~~~~~~~~~~~~~~~~~~~~~~~~~~~~~~~~~~
    + CategoryInfo          : NotSpecified: (ΓÜá `eslint` co...xt-lint-options:String) [], RemoteException
    + FullyQualifiedErrorId : NativeCommandError
 
ΓÜá Invalid next.config.ts options detected: 
ΓÜá     Unrecognized key(s) in object: 'eslint'
ΓÜá See more info here: https://nextjs.org/docs/messages/invalid-next-config
Γû▓ Next.js 16.2.3 (Turbopack)
- Environments: .env.local

  Creating an optimized production build ...

> Build error occurred
Error: Turbopack build failed with 30 errors:
./src/app/explore/financial-articles/page.tsx:9:47
Expected ',', got 'ident'
  [90m 7 |[0m ...
  [90m 8 |[0m ...[36mst[0m [33mARTICLES[0m = [
[31m[1m>[0m [90m 9 |[0m ... id: [35m1[0m, title: t([32m"The Complete Beginner\\"[0m)s [33mGuide[0m to 
[33mMutual[0m [33mFundst[0m([32m", author: "[0m)[33mFinanc...[0m
  [90m   |[0m                                               [31m[1m^[0m
  [90m10 |[0m ...[32m id: 2, title: t("How the 52-Week Money Challenge Can Transform Your Savings"), author:...[0m
  [90m11 |[0m ...[32m id: 3, title: t("Understanding Your Credit Score: A Deep Dive"), author: t("Financial ...[0m
  [90m12 |[0m ...[32m id: 4, title: t("Choosing Between Long-term Savings Vehicles"), author: t("Financial W...[0m

Parsing ecmascript source code failed


./src/app/learn/50-30-20-rule/page.tsx:20:146
Expected ',', got 'ident'
  [90m18 |[0m ...
  [90m19 |[0m ...[32me, minimum debt payments. Cannot live without these."[0m) }, 
[31m[1m>[0m [90m20 |[0m ...[32mcriptions, travel. Enrich life but aren\\"[0m)t survival.[32m' }, [0m
  [90m   |[0m                                               [31m[1m^[0m
  [90m21 |[0m ...[32mayments, retirement savings. Your future security.") }[0m
  [90m22 |[0m ...
  [90m23 |[0m ...

Parsing ecmascript source code failed


./src/app/learn/debt-management/page.tsx:59:82
Expected ',', got 'ident'
  [90m57 |[0m ...[32mvery debt: amount, interest rate, minimum payment"[0m) }, 
  [90m58 |[0m ...[32mate your debt-to-income ratio"[0m) }, 
[31m[1m>[0m [90m59 |[0m ...[32m snowball or avalanche - pick what you\\"[0m)ll stick [36mwith[0m[32m' }, [0m
  [90m   |[0m                                              [31m[1m^^[0m
  [90m60 |[0m ...[32m automatic minimum payments on all debts today") }, [0m
  [90m61 |[0m ...[32me Loan & EMI Planner to see impact of extra payments") }[0m
  [90m62 |[0m ...

Parsing ecmascript source code failed


./src/app/learn/your-money-priorities/page.tsx:32:65
Expected ',', got 'ident'
  [90m30 |[0m ...[32m"The Values-Alignment Check"[0m), 
  [90m31 |[0m ...
[31m[1m>[0m [90m32 |[0m ...[32mdown your top 3 priorities (not society\\"[0m)s, yours)[32m', [0m
  [90m   |[0m                                               [31m[1m^[0m
  [90m33 |[0m ...[32m last 3 months of spending - categorize each purchase by priority it serves"), [0m
  [90m34 |[0m ...[32mate what % of spending goes to each priority"), [0m
  [90m35 |[0m ...[32me your stated priorities to actual spending"), [0m

Parsing ecmascript source code failed


./src/app/budget-planner/page.tsx:201:31
Expected '</', got 'ident'
  [90m199 |[0m               {t([32m'Master your cash flow. Optimize the 50/30/20 rule and ensure every doll...[0m
  [90m200 |[0m             </p>
[31m[1m>[0m [90m201 |[0m             <button className=t([32m"btn btn-primary btn-lg"[0m) onClick={() => 
setStep([35m0[0m)} styl...
  [90m    |[0m                               [31m[1m^[0m
  [90m202 |[0m               {t([32m"Begin Analysis"[0m)} <[33mArrowRight[0m size={[35m18[0m} />
  [90m203 |[0m             </button>
  [90m204 |[0m

Parsing ecmascript source code failed


./src/app/check-ins/investment-readiness/page.tsx:77:52
Expected '</', got 'ident'
  [90m75 |[0m ...rightSlot={step === [33mQUESTIONS[0m.length + [35m1[0m ? (
  [90m76 |[0m ...  <div style={{ display: [32m'flex'[0m, gap: [35m8[0m }}>
[31m[1m>[0m [90m77 |[0m ...    <button onClick={handleSave} className=t([32m"btn btn-primary btn-sm"[0m)>{saved 
? <[33mCheck[0m ...
  [90m   |[0m                                               [31m[1m^[0m
  [90m78 |[0m ...    <button onClick={() => setStep([35m0[0m)} className=t([32m"btn btn-secondary btn-icon 
btn-sm"[0m)..[33m.[0m
  [90m79 |[0m ...  </div>
  [90m80 |[0m ...) : [36mnull[0m}

Parsing ecmascript source code failed


./src/app/check-ins/money-stress-quiz/page.tsx:94:52
Expected '</', got 'ident'
  [90m92 |[0m ...rightSlot={step === [33mQUESTIONS[0m.length + [35m1[0m ? (
  [90m93 |[0m ...  <div style={{ display: [32m'flex'[0m, gap: [35m8[0m }}>
[31m[1m>[0m [90m94 |[0m ...    <button onClick={handleSave} className=t([32m"btn btn-primary btn-sm"[0m)>{saved 
? <[33mCheck[0m ...
  [90m   |[0m                                               [31m[1m^[0m
  [90m95 |[0m ...    <button onClick={() => { setStep([35m0[0m); setAnswers([]); }} className=t([32m"btn 
btn-second...[0m
  [90m96 |[0m ...  </div>
  [90m97 |[0m ...) : [36mnull[0m}

Parsing ecmascript source code failed


./src/app/check-ins/page.tsx:100:32
Expected '</', got 'ident'
  [90m 98 |[0m             [36mreturn[0m (
  [90m 99 |[0m               <[33mLink[0m key={item.href} href={item.href} style={{ textDecoration: 
[32m'none'[0m }}>
[31m[1m>[0m [90m100 |[0m                 <div className=t([32m"card card-tap"[0m) style={{
  [90m    |[0m                                [31m[1m^[0m
  [90m101 |[0m                   padding: [32m'var(--space-5)'[0m,
  [90m102 |[0m                   animation: t([32m"fadeInUp 0.3s ease both"[0m),
  [90m103 |[0m                   animationDelay: [32m`[0m${i * [35m70[0m[32m}ms`[0m,

Parsing ecmascript source code failed


./src/app/check-ins/savings-check-up/page.tsx:75:52
Expected '</', got 'ident'
  [90m73 |[0m ...rightSlot={step === [33mQUESTIONS[0m.length + [35m1[0m ? (
  [90m74 |[0m ...  <div style={{ display: [32m'flex'[0m, gap: [35m8[0m }}>
[31m[1m>[0m [90m75 |[0m ...    <button onClick={handleSave} className=t([32m"btn btn-primary btn-sm"[0m)>{saved 
? <[33mCheck[0m ...
  [90m   |[0m                                               [31m[1m^[0m
  [90m76 |[0m ...    <button onClick={() => setStep([35m0[0m)} className=t([32m"btn btn-secondary btn-icon 
btn-sm"[0m)..[33m.[0m
  [90m77 |[0m ...  </div>
  [90m78 |[0m ...) : [36mnull[0m}

Parsing ecmascript source code failed


./src/app/check-ins/spending-style-quiz/page.tsx:124:52
Expected '</', got 'ident'
  [90m122 |[0m ...rightSlot={step === [35m11[0m ? (
  [90m123 |[0m ...  <div style={{ display: [32m'flex'[0m, gap: [35m8[0m }}>
[31m[1m>[0m [90m124 |[0m ...    <button onClick={handleSave} className=t([32m"btn btn-primary 
btn-sm"[0m)>{saved ? <[33mCheck[0m...
  [90m    |[0m                                               [31m[1m^[0m
  [90m125 |[0m ...    <button onClick={() => { setStep([35m0[0m); setAnswers([]); }} className=t([32m"btn 
btn-secon...[0m
  [90m126 |[0m ...  </div>
  [90m127 |[0m ...) : [36mnull[0m}

Parsing ecmascript source code failed


./src/app/emergency-fund/page.tsx:116:33
Expected '</', got 'ident'
  [90m114 |[0m         rightSlot={(
  [90m115 |[0m            <div style={{ display: [32m'flex'[0m, gap: [35m8[0m }}>
[31m[1m>[0m [90m116 |[0m               <button className=t([32m"btn btn-primary btn-sm"[0m) 
onClick={handleSave}>
  [90m    |[0m                                 [31m[1m^[0m
  [90m117 |[0m                  {saved ? <[33mCheck[0m size={[35m14[0m} [35m/> : <Save size={14} /[0m>} {saved 
? t([32m'Saved'[0m) :...
  [90m118 |[0m               </button>
  [90m119 |[0m            </div>

Parsing ecmascript source code failed


./src/app/explore/financial-myths/page.tsx:50:38
Expected '</', got 'ident'
  [90m48 |[0m             [36mconst[0m [33mMythIcon[0m = item.icon;
  [90m49 |[0m             [36mreturn[0m (
[31m[1m>[0m [90m50 |[0m               <div key={i} className=t([32m"card card-hover"[0m) style={{ borderLeft: 
[32m`6px solid [0m...
  [90m   |[0m                                      [31m[1m^[0m
  [90m51 |[0m                 <div style={{ display: [32m'flex'[0m, alignItems: [32m'center'[0m, gap: 
[35m12[0m, marginBottom..[35m.[0m
  [90m52 |[0m                    <div style={{ display: [32m'flex'[0m, alignItems: [32m'center'[0m, gap: 
[35m6[0m, padding: [32m'...[0m
  [90m53 |[0m                       <[33mVerdictIcon[0m size={[35m12[0m} /> {config.label}

Parsing ecmascript source code failed


./src/app/explore/financial-stories/page.tsx:52:39
Expected '</', got 'ident'
  [90m50 |[0m                         <[33mMapPin[0m size={[35m12[0m} /> {t(story.city)}
  [90m51 |[0m                       </span>
[31m[1m>[0m [90m52 |[0m                       <span className=t([32m"badge badge-neutral"[0m) style={{ padding: 
[32m'4px 10px.[0m..
  [90m   |[0m                                       [31m[1m^[0m
  [90m53 |[0m                     </div>
  [90m54 |[0m
  [90m55 |[0m                     <div style={{ padding: [32m'var(--space-3) var(--space-4)'[0m, background: 
[32m'v...[0m

Parsing ecmascript source code failed


./src/app/explore/financial-tips/page.tsx:70:38
Expected '</', got 'ident'
  [90m68 |[0m             
  [90m69 |[0m             [36mreturn[0m (
[31m[1m>[0m [90m70 |[0m               <div key={i} className=t([32m"card card-hover"[0m) style={{ padding: 
[32m'var(--space-5..[0m.
  [90m   |[0m                                      [31m[1m^[0m
  [90m71 |[0m                 <div style={{ display: [32m'flex'[0m, gap: [35m16[0m, alignItems: 
[32m'flex-start'[0m }}>
  [90m72 |[0m                    <div style={{ flex: [35m1[0m }}>
  [90m73 |[0m                       <div style={{ display: [32m'flex'[0m, gap: [35m8[0m, marginBottom: 
[35m8[0m }}>

Parsing ecmascript source code failed


./src/app/explore/page.tsx:111:32
Expected '</', got 'ident'
  [90m109 |[0m             [36mreturn[0m (
  [90m110 |[0m               <[33mLink[0m key={section.href} href={section.href} style={{ textDecoration: 
[32m'none.[0m..
[31m[1m>[0m [90m111 |[0m                 <div className=t([32m"card card-tap"[0m) style={{
  [90m    |[0m                                [31m[1m^[0m
  [90m112 |[0m                   animation: t([32m"fadeInUp 0.3s ease both"[0m),
  [90m113 |[0m                   animationDelay: [32m`[0m${i * [35m60[0m[32m}ms`[0m,
  [90m114 |[0m                 }}>

Parsing ecmascript source code failed


./src/app/goal-planner/page.tsx:141:33
Expected '</', got 'ident'
  [90m139 |[0m                 {t([32m'Define your financial milestones. Track progress toward your house, c...[0m
  [90m140 |[0m               </p>
[31m[1m>[0m [90m141 |[0m               <button className=t([32m"btn btn-primary btn-lg"[0m) onClick={() => 
setStep([35m0[0m)} st...
  [90m    |[0m                                 [31m[1m^[0m
  [90m142 |[0m                 {goals.length > [35m0[0m ? t([32m'Manage My Goals'[0m) : t([32m'Create First 
Goal'[0m)} <[33mTarge.[0m..
  [90m143 |[0m               </button>
  [90m144 |[0m

Parsing ecmascript source code failed


./src/app/investment-planner/page.tsx:138:56
Expected '</', got 'ident'
  [90m136 |[0m ...rightSlot={step === [35m4[0m ? (
  [90m137 |[0m ...  <div style={{ display: [32m'flex'[0m, gap: [35m8[0m }}>
[31m[1m>[0m [90m138 |[0m ...    <button onClick={handleSave} className=t([32m"btn btn-primary 
btn-sm"[0m)>{saved ? <[33mCheck[0m...
  [90m    |[0m                                               [31m[1m^[0m
  [90m139 |[0m ...    <button onClick={() => { setStep([35m0[0m); setForm({ amount: [35m0[0m, period: 
[35m5[0m, risk: [32m'Modera...[0m
  [90m140 |[0m ...  </div>
  [90m141 |[0m ...) : [36mnull[0m}

Parsing ecmascript source code failed


./src/app/learn/page.tsx:60:32
Expected '</', got 'ident'
  [90m58 |[0m             [36mreturn[0m (
  [90m59 |[0m               <[33mLink[0m key={mod.href} href={mod.href} style={{ textDecoration: [32m'none'[0m 
}}>
[31m[1m>[0m [90m60 |[0m                 <div className=t([32m"card card-tap"[0m) style={{ display: 
[32m'flex'[0m, alignItems: [32m'c...[0m
  [90m   |[0m                                [31m[1m^[0m
  [90m61 |[0m                   <div style={{ width: [35m48[0m, height: [35m48[0m, borderRadius: [35m12[0m, 
background: mod.c...
  [90m62 |[0m                     <[33mIcon[0m size={[35m20[0m} color={mod.color} />
  [90m63 |[0m                   </div>

Parsing ecmascript source code failed


./src/app/loan-emi-planner/page.tsx:153:56
Expected '</', got 'ident'
  [90m151 |[0m ...rightSlot={step === [35m1[0m ? (
  [90m152 |[0m ...  <div style={{ display: [32m'flex'[0m, gap: [35m8[0m }}>
[31m[1m>[0m [90m153 |[0m ...    <button onClick={handleSave} className=t([32m"btn btn-primary 
btn-sm"[0m)>{saved ? <[33mCheck[0m...
  [90m    |[0m                                               [31m[1m^[0m
  [90m154 |[0m ...    <button onClick={() => { setStep([35m0[0m); setResult([36mnull[0m); }} 
className=t([32m"btn btn-seco...[0m
  [90m155 |[0m ...  </div>
  [90m156 |[0m ...) : [36mnull[0m}

Parsing ecmascript source code failed


./src/app/page.tsx:228:66
Expected '</', got 'ident'
  [90m226 |[0m ...ssName=[32m"stack-3"[0m>
  [90m227 |[0m ...redModules.map(mod => (
[31m[1m>[0m [90m228 |[0m ...[33mk[0m key={mod.href} href={mod.href} className=t([32m"card card-tap"[0m) 
style={{ display: [32m'flex'[0m...
  [90m    |[0m                                               [31m[1m^[0m
  [90m229 |[0m ...iv style={{ width: [35m32[0m, height: [35m32[0m, borderRadius: [32m'var(--radius-lg)'[0m, 
background: mod.c...
  [90m230 |[0m ...<mod.icon size={[35m16[0m} color={mod.color} />
  [90m231 |[0m ...div>

Parsing ecmascript source code failed


./src/app/learn/avoid-common-money-mistakes/page.tsx:11:16
JSX value should be either an expression or a quoted JSX text
  [90m 9 |[0m       title={t([32m"Avoid Common Money Mistakes"[0m)}
  [90m10 |[0m       subtitle=[32m"Learning from others' mistakes is cheaper"[0m
[31m[1m>[0m [90m11 |[0m       readTime=t([32m"10 min"[0m)
  [90m   |[0m                [31m[1m^[0m
  [90m12 |[0m       category={t([32m"Fundamentals"[0m)}
  [90m13 |[0m       introduction=[32m"Learning from others' mistakes is cheaper than learning from your own....[0m
  [90m14 |[0m       sections={[

Parsing ecmascript source code failed


./src/app/learn/emergency-fund/page.tsx:13:63
Unexpected token `(`. Expected jsx identifier
  [90m11 |[0m ...[32min"[0m
  [90m12 |[0m ...[32mings"[0m
[31m[1m>[0m [90m13 |[0m ...{t([32m"An emergency fund is not optional"[0m)}itt([32m"s essential. It"[0m)s the 
difference between ...
  [90m   |[0m                                               [31m[1m^[0m
  [90m14 |[0m ...
  [90m15 |[0m ...
  [90m16 |[0m ...[32meld, [0m

Parsing ecmascript source code failed


./src/app/learn/financial-goals/page.tsx:13:89
Unexpected token `.`. Expected jsx identifier
  [90m11 |[0m ...
  [90m12 |[0m ...
[31m[1m>[0m [90m13 |[0m ...[32mpurpose. Without them, you"[0m)}re just saving. [33mWith[0m them, you[32m're 
building the life you wa...[0m
  [90m   |[0m                                               [31m[1m^[0m
  [90m14 |[0m ...
  [90m15 |[0m ...
  [90m16 |[0m ...

Parsing ecmascript source code failed


./src/app/learn/investing-basics/page.tsx:13:120
Unexpected token `.`. Expected jsx identifier
  [90m11 |[0m ...
  [90m12 |[0m ...
[31m[1m>[0m [90m13 |[0m ...r money to work so it grows [36mwhile[0m you sleep. [33mStart[0m simple, 
understand the basics, and [36ml..[0m.
  [90m   |[0m                                               [31m[1m^[0m
  [90m14 |[0m ...
  [90m15 |[0m ...
  [90m16 |[0m ...

Parsing ecmascript source code failed


./src/app/learn/mindful-spending/page.tsx:13:106
Unexpected token `.`. Expected jsx identifier
  [90m11 |[0m ...
  [90m12 |[0m ...
[31m[1m>[0m [90m13 |[0m ...[32mless. Itt("[0m)}s about spending intentionally. [33mBuying[0m what aligns 
[36mwith[0m your values, not w...
  [90m   |[0m                                               [31m[1m^[0m
  [90m14 |[0m ...
  [90m15 |[0m ...
  [90m16 |[0m ...

Parsing ecmascript source code failed


./src/app/learn/saving-habits/page.tsx:13:185
Unexpected token `.`. Expected jsx identifier
  [90m11 |[0m ...
  [90m12 |[0m ...
[31m[1m>[0m [90m13 |[0m ...t one simple habit: paying themselves first.[32m")[0m
  [90m   |[0m                                               [31m[1m^[0m
  [90m14 |[0m ...
  [90m15 |[0m ...
  [90m16 |[0m ...

Parsing ecmascript source code failed


./src/app/learn/plan-for-your-future/page.tsx:13:72
Unexpected token `string literal`. Expected jsx identifier
  [90m11 |[0m ...
  [90m12 |[0m ...[32mlanning"[0m)}
[31m[1m>[0m [90m13 |[0m ...[32mure isn"[0m)}t something that happens to you[32m'it'[0ms something you build. 
[33mSmart[0m planning toda...
  [90m   |[0m                                             [31m[1m^^^^[0m
  [90m14 |[0m ...
  [90m15 |[0m ...
  [90m16 |[0m ...

Parsing ecmascript source code failed


./src/app/financial-health-score/page.tsx:33:5
Unexpected token `string literal`. Expected yield, an identifier, [ or {
  [90m31 |[0m
  [90m32 |[0m [36mconst[0m [33mCATEGORY_MAX[0m: [33mRecord[0m<string, number> = {
[31m[1m>[0m [90m33 |[0m   t([32m"Income & Stability"[0m): [35m20[0m,
  [90m   |[0m     [31m[1m^^^^^^^^^^^^^^^^^^^^[0m
  [90m34 |[0m   t([32m"Debt & Obligations"[0m): [35m30[0m,
  [90m35 |[0m   t([32m"Savings & Emergency"[0m): [35m40[0m,
  [90m36 |[0m   t([32m"Investment & Growth"[0m): [35m30[0m,

Parsing ecmascript source code failed


./src/app/learn/budgeting-basics/page.tsx:13:63
Unterminated string constant
  [90m11 |[0m ...
  [90m12 |[0m ...
[31m[1m>[0m [90m13 |[0m ...[32mom. By knowing where your money goes, you can make intentional choices and build 
the li...[0m
  [90m   |[0m    
[31m[1m^^^^^^^^^^^^^^^^^^^^^^^^^^^^^^^^^^^^^^^^^^^^^^^^^^^^^^^^^^^^^^^^^^^^^^^^^^^^^^^^^^^^^^^^^^[0m
  [90m14 |[0m ...
  [90m15 |[0m ...
  [90m16 |[0m ...

Parsing ecmascript source code failed


./src/app/learn/understand-your-income-expenses/page.tsx:10:51
Unterminated string constant
  [90m 8 |[0m ...[33mdule[0m
  [90m 9 |[0m ...{t([32m"Understand Income & Expenses"[0m)}
[31m[1m>[0m [90m10 |[0m ...le={t([32m"You can"[0m)}t manage what you don[32m't measure"[0m
  [90m   |[0m                                          [31m[1m^^^^^^^^^^^[0m
  [90m11 |[0m ...[32mme="6 min"[0m
  [90m12 |[0m ...[32mry={t("Fundamentals")}[0m
  [90m13 |[0m ...[32muction={t("You can")}t manage what you don'[0mt measure. [33mUnderstanding[0m every unit 
coming [36mi.[0m..

Parsing ecmascript source code failed


    at <unknown> (./src/app/explore/financial-articles/page.tsx:9:47)
    at <unknown> (./src/app/learn/50-30-20-rule/page.tsx:20:146)
    at <unknown> (./src/app/learn/debt-management/page.tsx:59:82)
    at <unknown> (./src/app/learn/your-money-priorities/page.tsx:32:65)
    at <unknown> (./src/app/budget-planner/page.tsx:201:31)
    at <unknown> (./src/app/check-ins/investment-readiness/page.tsx:77:52)
    at <unknown> (./src/app/check-ins/money-stress-quiz/page.tsx:94:52)
    at <unknown> (./src/app/check-ins/page.tsx:100:32)
    at <unknown> (./src/app/check-ins/savings-check-up/page.tsx:75:52)
    at <unknown> (./src/app/check-ins/spending-style-quiz/page.tsx:124:52)
    at <unknown> (./src/app/emergency-fund/page.tsx:116:33)
    at <unknown> (./src/app/explore/financial-myths/page.tsx:50:38)
    at <unknown> (./src/app/explore/financial-stories/page.tsx:52:39)
    at <unknown> (./src/app/explore/financial-tips/page.tsx:70:38)
    at <unknown> (./src/app/explore/page.tsx:111:32)
    at <unknown> (./src/app/goal-planner/page.tsx:141:33)
    at <unknown> (./src/app/investment-planner/page.tsx:138:56)
    at <unknown> (./src/app/learn/page.tsx:60:32)
    at <unknown> (./src/app/loan-emi-planner/page.tsx:153:56)
    at <unknown> (./src/app/page.tsx:228:66)
    at <unknown> (./src/app/learn/avoid-common-money-mistakes/page.tsx:11:16)
    at <unknown> (./src/app/learn/emergency-fund/page.tsx:13:63)
    at <unknown> (./src/app/learn/financial-goals/page.tsx:13:89)
    at <unknown> (./src/app/learn/investing-basics/page.tsx:13:120)
    at <unknown> (./src/app/learn/mindful-spending/page.tsx:13:106)
    at <unknown> (./src/app/learn/saving-habits/page.tsx:13:185)
    at <unknown> (./src/app/learn/plan-for-your-future/page.tsx:13:72)
    at <unknown> (./src/app/financial-health-score/page.tsx:33:5)
    at <unknown> (./src/app/learn/budgeting-basics/page.tsx:13:63)
    at <unknown> (./src/app/learn/understand-your-income-expenses/page.tsx:10:51)
